// Jest Snapshot v1, https://goo.gl/fbAQLP

exports[`<InventoryRow /> renders correctly 1`] = `
<div
  class="kubevirt-inventory__row"
  id="inventory-pvcs"
>
  <div
    class="kubevirt-inventory__row-title"
  >
    5 PVCs
  </div>
  <div
    class="kubevirt-inventory__row-status"
  >
    <div
      class="kubevirt-inventory__row-status-item"
    >
      <span
        aria-hidden="true"
        class="pficon pficon-in-progress kubevirt-inventory__row-status-item-icon--in-progress kubevirt-dashboard__icon-sm"
      />
      <span
        class="kubevirt-inventory__row-status-item-text"
      >
        1
      </span>
    </div>
    <div
      class="kubevirt-inventory__row-status-item"
    >
      <span
        aria-hidden="true"
        class="fa fa-exclamation-circle kubevirt-inventory__row-status-item-icon--error kubevirt-dashboard__icon-sm"
      />
      <span
        class="kubevirt-inventory__row-status-item-text"
      >
        2
      </span>
    </div>
    <div
      class="kubevirt-inventory__row-status-item"
    >
      <span
        aria-hidden="true"
        class="fa fa-exclamation-triangle kubevirt-inventory__row-status-item-icon--warn kubevirt-dashboard__icon-sm"
      />
      <span
        class="kubevirt-inventory__row-status-item-text"
      >
        3
      </span>
    </div>
    <div
      class="kubevirt-inventory__row-status-item"
    >
      <span
        aria-hidden="true"
        class="pficon pficon-off kubevirt-inventory__row-status-item-icon--off"
      />
      <span
        class="kubevirt-inventory__row-status-item-text"
      >
        3
      </span>
    </div>
    <div
      class="kubevirt-inventory__row-status-item"
    >
      <span
        aria-hidden="true"
        class="fa fa-check-circle kubevirt-inventory__row-status-item-icon--ok kubevirt-dashboard__icon-sm"
      />
      <span
        class="kubevirt-inventory__row-status-item-text"
      >
        5
      </span>
    </div>
  </div>
</div>
`;
