// Jest Snapshot v1, https://goo.gl/fbAQLP

exports[`<Health /> renders correctly 1`] = `
<DashboardCard
  className={null}
>
  <DashboardCardHeader
    className={null}
  >
    <DashboardCardTitle>
      Cluster Health
    </DashboardCardTitle>
  </DashboardCardHeader>
  <DashboardCardBody
    LoadingComponent={[Function]}
    className="kubevirt-health__body"
    isLoading={false}
  >
    <HealthBody
      data={
        Object {
          "healthy": false,
          "message": "Error message",
        }
      }
    />
  </DashboardCardBody>
</DashboardCard>
`;
