// Jest Snapshot v1, https://goo.gl/fbAQLP

exports[`<HealthItem /> renders correctly 1`] = `
<div
  className="kubevirt-health__item"
>
  <div
    className="kubevirt-health__icon kubevirt-health__icon--warning"
  >
    <Icon
      name="exclamation-triangle"
      type="fa"
    />
  </div>
  <div>
    <span
      className="kubevirt-health__text"
    >
      OCS is Healthy
    </span>
  </div>
</div>
`;
