// Jest Snapshot v1, https://goo.gl/fbAQLP

exports[`<HealthItem /> renders correctly 1`] = `
<div
  className="kubevirt-health__body"
>
  <Icon
    className="kubevirt-health__icon kubevirt-health__icon--ok"
    name="check-circle"
    size="2x"
    type="fa"
  />
  <div
    className="kubevirt-health__message"
  >
    <span
      className="kubevirt-health__title"
    >
      OCS is Healthy
    </span>
    <span
      className="kubevirt-health__title kubevirt-health__subtitle"
    />
  </div>
</div>
`;
