// Jest Snapshot v1, https://goo.gl/fbAQLP

exports[`<Consumers /> renders correctly 1`] = `
<div>
  <div
    className="kubevirt-consumers__filters"
  >
    <Dropdown
      choices={
        Array [
          "All",
          "Pod",
          "VirtualMachine",
        ]
      }
      disabled={false}
      id="filter-dropdown"
      onChange={[Function]}
      value="All"
      withTooltips={false}
    />
    <Dropdown
      choices={
        Array [
          "CPU",
          "Memory",
          "Network",
          "Storage",
        ]
      }
      disabled={false}
      id="sort-by-dropdown"
      onChange={[Function]}
      value="CPU"
      withTooltips={false}
    />
  </div>
  <UtilizationBar
    availableTooltipFunction={[Function]}
    className="kubevirt-consumers__bar"
    description="VM3"
    descriptionPlacementTop={false}
    key="0"
    label={null}
    max={100}
    min={0}
    now={100}
    thresholdError={null}
    thresholdWarning={null}
    usedTooltipFunction={[Function]}
  />
  <UtilizationBar
    availableTooltipFunction={[Function]}
    className="kubevirt-consumers__bar"
    description="Pod1"
    descriptionPlacementTop={false}
    key="1"
    label={null}
    max={100}
    min={0}
    now={80}
    thresholdError={null}
    thresholdWarning={null}
    usedTooltipFunction={[Function]}
  />
  <UtilizationBar
    availableTooltipFunction={[Function]}
    className="kubevirt-consumers__bar"
    description="Pod3"
    descriptionPlacementTop={false}
    key="2"
    label={null}
    max={100}
    min={0}
    now={70}
    thresholdError={null}
    thresholdWarning={null}
    usedTooltipFunction={[Function]}
  />
  <UtilizationBar
    availableTooltipFunction={[Function]}
    className="kubevirt-consumers__bar"
    description="Pod2"
    descriptionPlacementTop={false}
    key="3"
    label={null}
    max={100}
    min={0}
    now={40}
    thresholdError={null}
    thresholdWarning={null}
    usedTooltipFunction={[Function]}
  />
  <UtilizationBar
    availableTooltipFunction={[Function]}
    className="kubevirt-consumers__bar"
    description="VM1"
    descriptionPlacementTop={false}
    key="4"
    label={null}
    max={100}
    min={0}
    now={20}
    thresholdError={null}
    thresholdWarning={null}
    usedTooltipFunction={[Function]}
  />
</div>
`;
