// Jest Snapshot v1, https://goo.gl/fbAQLP

exports[`<BasicSettingsTab /> for Create VM Template renders correctly 1`] = `
<FormFactory
  controlSize={5}
  fields={
    Object {
      "authKeys": Object {
        "id": "cloud-init-ssh",
        "isVisible": [Function],
        "title": "Authenticated SSH Keys",
        "type": "textarea",
      },
      "cloudInit": Object {
        "id": "use-cloud-init",
        "title": "Use cloud-init",
        "type": "checkbox",
      },
      "cloudInitCustomScript": Object {
        "className": "kubevirt-create-vm-wizard__custom-cloud-script-textarea",
        "id": "cloud-init-custom-script",
        "isVisible": [Function],
        "title": "Custom Script",
        "type": "textarea",
      },
      "containerImage": Object {
        "disabled": false,
        "id": "provision-source-container",
        "isVisible": [Function],
        "required": true,
        "title": "Container Image",
        "validate": [Function],
      },
      "cpu": Object {
        "help": "The number of virtual CPU cores that will be dedicated to the virtual machine.",
        "id": "resources-cpu",
        "isVisible": [Function],
        "required": true,
        "title": "CPUs",
        "type": "positive-number",
      },
      "description": Object {
        "id": "vm-description",
        "title": "Description",
        "type": "textarea",
      },
      "flavor": Object {
        "choices": Array [
          "small",
          "medium",
          "Custom",
        ],
        "defaultValue": "--- Select Flavor ---",
        "disabled": false,
        "help": "The combination of processing power and memory that will be provided to the virtual machine.",
        "id": "flavor-dropdown",
        "required": true,
        "title": "Flavor",
        "type": "dropdown",
      },
      "hostname": Object {
        "id": "cloud-init-hostname",
        "isVisible": [Function],
        "title": "Hostname",
      },
      "imageURL": Object {
        "disabled": false,
        "id": "provision-source-url",
        "isVisible": [Function],
        "required": true,
        "title": "URL",
        "validate": [Function],
      },
      "memory": Object {
        "help": "The amount of memory that will be dedicated to the virtual machine.",
        "id": "resources-memory",
        "isVisible": [Function],
        "required": true,
        "title": "Memory (GB)",
        "type": "positive-number",
      },
      "name": Object {
        "id": "vm-name",
        "required": true,
        "title": "Name",
        "validate": [Function],
      },
      "namespace": Object {
        "choices": Array [
          "default",
          "myproject",
        ],
        "defaultValue": "--- Select Namespace ---",
        "id": "namespace-dropdown",
        "required": true,
        "title": "Namespace",
        "type": "dropdown",
      },
      "operatingSystem": Object {
        "choices": Array [
          Object {
            "id": "fedora29",
            "name": "Fedora 29",
          },
          Object {
            "id": "fedora28",
            "name": "Fedora 28",
          },
          Object {
            "id": "fedora27",
            "name": "Fedora 27",
          },
          Object {
            "id": "fedora26",
            "name": "Fedora 26",
          },
          Object {
            "id": "fedora25",
            "name": "Fedora 25",
          },
          Object {
            "id": "fedora24",
            "name": "Fedora 24",
          },
          Object {
            "id": "fedora23",
            "name": "Fedora 23",
          },
          Object {
            "id": "rhel7.0",
            "name": "Red Hat Enterprise Linux 7.0",
          },
          Object {
            "id": "ubuntu18.04",
            "name": "Ubuntu 18.04 LTS",
          },
          Object {
            "id": "win2k12r2",
            "name": "Microsoft Windows Server 2012 R2",
          },
          Object {
            "id": "win2k8r2",
            "name": "Microsoft Windows Server 2008 R2",
          },
          Object {
            "id": "win2k8",
            "name": "Microsoft Windows Server 2008",
          },
          Object {
            "id": "win10",
            "name": "Microsoft Windows 10",
          },
        ],
        "defaultValue": "--- Select Operating System ---",
        "disabled": false,
        "help": "The primary operating system that will run on the virtual machine.",
        "id": "operating-system-dropdown",
        "required": true,
        "title": "Operating System",
        "type": "dropdown",
      },
      "provider": Object {
        "choices": Array [
          "VMWare",
        ],
        "defaultValue": "--- Select Provider ---",
        "help": null,
        "id": "provider-dropdown",
        "isVisible": [Function],
        "onChange": [Function],
        "required": true,
        "title": "Provider",
        "type": "dropdown",
      },
      "provisionSourceType": Object {
        "choices": Array [
          "PXE",
          "URL",
          "Container",
          "Cloned Disk",
          "Import",
        ],
        "defaultValue": "--- Select Provision Source ---",
        "disabled": false,
        "help": undefined,
        "id": "image-source-type-dropdown",
        "required": true,
        "title": "Provision Source",
        "type": "dropdown",
      },
      "rememberVmwareCredentials": Object {
        "help": "If checked, new secret keeping connection details will be created for later use.",
        "id": "vcenter-remember-credentials",
        "isVisible": [Function],
        "title": "Remember vCenter credentials",
        "type": "checkbox",
      },
      "startVM": Object {
        "id": "start-vm",
        "noBottom": true,
        "title": "Start virtual machine on creation",
        "type": "checkbox",
      },
      "useCloudInitCustomScript": Object {
        "id": "use-cloud-init-custom-script",
        "isVisible": [Function],
        "title": "Use custom script",
        "type": "checkbox",
      },
      "userTemplate": Object {
        "choices": Array [
          "container-template",
          "container-template-cloud-init",
          "container-template-multus",
          "pvc-template",
          "pxe-template",
          "pxe-template-dv",
          "pxe-template-pvc",
          "url-template",
          "url-template-custom-flavor",
          "url-template-nonetwork",
          "--- No Template ---",
        ],
        "defaultValue": "--- Select Template ---",
        "id": "template-dropdown",
        "title": "Template",
        "type": "dropdown",
      },
      "vCenterInstance": Object {
        "CustomComponent": [Function],
        "defaultValue": "--- Select vCenter Instance Secret ---",
        "extraProps": Object {
          "WithResources": [Function],
          "basicSettings": Object {},
        },
        "help": "Select secret containing connection details for a vCenter instance.",
        "id": "vcenter-instance-dropdown",
        "isVisible": [Function],
        "onChange": [Function],
        "required": true,
        "title": "vCenter Instance",
        "type": "custom",
      },
      "vmwareURL": Object {
        "defaultValue": "https://host:port/",
        "help": "Address to be used for connection to a vCenter instance. The \\"https://\\" protocol will be added automatically. Example: \\"my.domain.com:1234\\".",
        "id": "vcenter-url-dropdown",
        "isVisible": [Function],
        "required": true,
        "title": "vCenter URL",
        "validate": [Function],
      },
      "vmwareUserName": Object {
        "help": "User name to be used for connection to a vCenter instance.",
        "id": "vcenter-username",
        "isVisible": [Function],
        "required": true,
        "title": "vCenter User Name",
      },
      "vmwareUserPwdCheck": Object {
        "CustomComponent": [Function],
        "extraProps": Object {
          "WithResources": [Function],
          "basicSettings": Object {},
          "onCheckConnection": [Function],
        },
        "help": "User password to be used for connection to a vCenter instance.",
        "id": "vcenter-userpwd",
        "isVisible": [Function],
        "required": true,
        "title": "vCenter Password",
        "type": "custom",
      },
      "vmwareVm": Object {
        "CustomComponent": [Function],
        "defaultValue": "--- Select VM ---",
        "extraProps": Object {
          "WithResources": [Function],
          "basicSettings": Object {},
          "k8sGet": [Function],
          "operatingSystems": Array [
            Object {
              "id": "fedora29",
              "name": "Fedora 29",
            },
            Object {
              "id": "fedora28",
              "name": "Fedora 28",
            },
            Object {
              "id": "fedora27",
              "name": "Fedora 27",
            },
            Object {
              "id": "fedora26",
              "name": "Fedora 26",
            },
            Object {
              "id": "fedora25",
              "name": "Fedora 25",
            },
            Object {
              "id": "fedora24",
              "name": "Fedora 24",
            },
            Object {
              "id": "fedora23",
              "name": "Fedora 23",
            },
            Object {
              "id": "rhel7.0",
              "name": "Red Hat Enterprise Linux 7.0",
            },
            Object {
              "id": "ubuntu18.04",
              "name": "Ubuntu 18.04 LTS",
            },
            Object {
              "id": "win2k12r2",
              "name": "Microsoft Windows Server 2012 R2",
            },
            Object {
              "id": "win2k8r2",
              "name": "Microsoft Windows Server 2008 R2",
            },
            Object {
              "id": "win2k8",
              "name": "Microsoft Windows Server 2008",
            },
            Object {
              "id": "win10",
              "name": "Microsoft Windows 10",
            },
          ],
        },
        "help": "Select a vCenter virtual machine to import. Loading of their list might take some time. The list will be enabled for selection once data are loaded.",
        "id": "vcenter-vm-dropdown",
        "isVisible": [Function],
        "onChange": [Function],
        "required": true,
        "title": "VM to Import",
        "type": "custom",
      },
      "workloadProfile": Object {
        "choices": Array [
          "generic",
          "high-performance",
        ],
        "defaultValue": "--- Select Workload Profile ---",
        "disabled": false,
        "help": "The category of workload that this virtual machine will be used for.",
        "id": "workload-profile-dropdown",
        "required": true,
        "title": "Workload Profile",
        "type": "dropdown",
      },
    }
  }
  fieldsValues={Object {}}
  horizontal={true}
  labelSize={3}
  onFormChange={[Function]}
  showLabels={true}
  textPosition="text-right"
/>
`;

exports[`<BasicSettingsTab /> renders correctly 1`] = `
<FormFactory
  controlSize={5}
  fields={
    Object {
      "authKeys": Object {
        "id": "cloud-init-ssh",
        "isVisible": [Function],
        "title": "Authenticated SSH Keys",
        "type": "textarea",
      },
      "cloudInit": Object {
        "id": "use-cloud-init",
        "title": "Use cloud-init",
        "type": "checkbox",
      },
      "cloudInitCustomScript": Object {
        "className": "kubevirt-create-vm-wizard__custom-cloud-script-textarea",
        "id": "cloud-init-custom-script",
        "isVisible": [Function],
        "title": "Custom Script",
        "type": "textarea",
      },
      "containerImage": Object {
        "disabled": false,
        "id": "provision-source-container",
        "isVisible": [Function],
        "required": true,
        "title": "Container Image",
        "validate": [Function],
      },
      "cpu": Object {
        "help": "The number of virtual CPU cores that will be dedicated to the virtual machine.",
        "id": "resources-cpu",
        "isVisible": [Function],
        "required": true,
        "title": "CPUs",
        "type": "positive-number",
      },
      "description": Object {
        "id": "vm-description",
        "title": "Description",
        "type": "textarea",
      },
      "flavor": Object {
        "choices": Array [
          "small",
          "medium",
          "Custom",
        ],
        "defaultValue": "--- Select Flavor ---",
        "disabled": false,
        "help": "The combination of processing power and memory that will be provided to the virtual machine.",
        "id": "flavor-dropdown",
        "required": true,
        "title": "Flavor",
        "type": "dropdown",
      },
      "hostname": Object {
        "id": "cloud-init-hostname",
        "isVisible": [Function],
        "title": "Hostname",
      },
      "imageURL": Object {
        "disabled": false,
        "id": "provision-source-url",
        "isVisible": [Function],
        "required": true,
        "title": "URL",
        "validate": [Function],
      },
      "memory": Object {
        "help": "The amount of memory that will be dedicated to the virtual machine.",
        "id": "resources-memory",
        "isVisible": [Function],
        "required": true,
        "title": "Memory (GB)",
        "type": "positive-number",
      },
      "name": Object {
        "id": "vm-name",
        "required": true,
        "title": "Name",
        "validate": [Function],
      },
      "namespace": Object {
        "choices": Array [
          "default",
          "myproject",
        ],
        "defaultValue": "--- Select Namespace ---",
        "id": "namespace-dropdown",
        "required": true,
        "title": "Namespace",
        "type": "dropdown",
      },
      "operatingSystem": Object {
        "choices": Array [
          Object {
            "id": "fedora29",
            "name": "Fedora 29",
          },
          Object {
            "id": "fedora28",
            "name": "Fedora 28",
          },
          Object {
            "id": "fedora27",
            "name": "Fedora 27",
          },
          Object {
            "id": "fedora26",
            "name": "Fedora 26",
          },
          Object {
            "id": "fedora25",
            "name": "Fedora 25",
          },
          Object {
            "id": "fedora24",
            "name": "Fedora 24",
          },
          Object {
            "id": "fedora23",
            "name": "Fedora 23",
          },
          Object {
            "id": "rhel7.0",
            "name": "Red Hat Enterprise Linux 7.0",
          },
          Object {
            "id": "ubuntu18.04",
            "name": "Ubuntu 18.04 LTS",
          },
          Object {
            "id": "win2k12r2",
            "name": "Microsoft Windows Server 2012 R2",
          },
          Object {
            "id": "win2k8r2",
            "name": "Microsoft Windows Server 2008 R2",
          },
          Object {
            "id": "win2k8",
            "name": "Microsoft Windows Server 2008",
          },
          Object {
            "id": "win10",
            "name": "Microsoft Windows 10",
          },
        ],
        "defaultValue": "--- Select Operating System ---",
        "disabled": false,
        "help": "The primary operating system that will run on the virtual machine.",
        "id": "operating-system-dropdown",
        "required": true,
        "title": "Operating System",
        "type": "dropdown",
      },
      "provider": Object {
        "choices": Array [
          "VMWare",
        ],
        "defaultValue": "--- Select Provider ---",
        "help": null,
        "id": "provider-dropdown",
        "isVisible": [Function],
        "onChange": [Function],
        "required": true,
        "title": "Provider",
        "type": "dropdown",
      },
      "provisionSourceType": Object {
        "choices": Array [
          "PXE",
          "URL",
          "Container",
          "Cloned Disk",
          "Import",
        ],
        "defaultValue": "--- Select Provision Source ---",
        "disabled": false,
        "help": undefined,
        "id": "image-source-type-dropdown",
        "required": true,
        "title": "Provision Source",
        "type": "dropdown",
      },
      "rememberVmwareCredentials": Object {
        "help": "If checked, new secret keeping connection details will be created for later use.",
        "id": "vcenter-remember-credentials",
        "isVisible": [Function],
        "title": "Remember vCenter credentials",
        "type": "checkbox",
      },
      "startVM": Object {
        "id": "start-vm",
        "noBottom": true,
        "title": "Start virtual machine on creation",
        "type": "checkbox",
      },
      "useCloudInitCustomScript": Object {
        "id": "use-cloud-init-custom-script",
        "isVisible": [Function],
        "title": "Use custom script",
        "type": "checkbox",
      },
      "userTemplate": Object {
        "choices": Array [
          "container-template",
          "container-template-cloud-init",
          "container-template-multus",
          "pvc-template",
          "pxe-template",
          "pxe-template-dv",
          "pxe-template-pvc",
          "url-template",
          "url-template-custom-flavor",
          "url-template-nonetwork",
          "--- No Template ---",
        ],
        "defaultValue": "--- Select Template ---",
        "id": "template-dropdown",
        "title": "Template",
        "type": "dropdown",
      },
      "vCenterInstance": Object {
        "CustomComponent": [Function],
        "defaultValue": "--- Select vCenter Instance Secret ---",
        "extraProps": Object {
          "WithResources": [Function],
          "basicSettings": Object {},
        },
        "help": "Select secret containing connection details for a vCenter instance.",
        "id": "vcenter-instance-dropdown",
        "isVisible": [Function],
        "onChange": [Function],
        "required": true,
        "title": "vCenter Instance",
        "type": "custom",
      },
      "vmwareURL": Object {
        "defaultValue": "https://host:port/",
        "help": "Address to be used for connection to a vCenter instance. The \\"https://\\" protocol will be added automatically. Example: \\"my.domain.com:1234\\".",
        "id": "vcenter-url-dropdown",
        "isVisible": [Function],
        "required": true,
        "title": "vCenter URL",
        "validate": [Function],
      },
      "vmwareUserName": Object {
        "help": "User name to be used for connection to a vCenter instance.",
        "id": "vcenter-username",
        "isVisible": [Function],
        "required": true,
        "title": "vCenter User Name",
      },
      "vmwareUserPwdCheck": Object {
        "CustomComponent": [Function],
        "extraProps": Object {
          "WithResources": [Function],
          "basicSettings": Object {},
          "onCheckConnection": [Function],
        },
        "help": "User password to be used for connection to a vCenter instance.",
        "id": "vcenter-userpwd",
        "isVisible": [Function],
        "required": true,
        "title": "vCenter Password",
        "type": "custom",
      },
      "vmwareVm": Object {
        "CustomComponent": [Function],
        "defaultValue": "--- Select VM ---",
        "extraProps": Object {
          "WithResources": [Function],
          "basicSettings": Object {},
          "k8sGet": [Function],
          "operatingSystems": Array [
            Object {
              "id": "fedora29",
              "name": "Fedora 29",
            },
            Object {
              "id": "fedora28",
              "name": "Fedora 28",
            },
            Object {
              "id": "fedora27",
              "name": "Fedora 27",
            },
            Object {
              "id": "fedora26",
              "name": "Fedora 26",
            },
            Object {
              "id": "fedora25",
              "name": "Fedora 25",
            },
            Object {
              "id": "fedora24",
              "name": "Fedora 24",
            },
            Object {
              "id": "fedora23",
              "name": "Fedora 23",
            },
            Object {
              "id": "rhel7.0",
              "name": "Red Hat Enterprise Linux 7.0",
            },
            Object {
              "id": "ubuntu18.04",
              "name": "Ubuntu 18.04 LTS",
            },
            Object {
              "id": "win2k12r2",
              "name": "Microsoft Windows Server 2012 R2",
            },
            Object {
              "id": "win2k8r2",
              "name": "Microsoft Windows Server 2008 R2",
            },
            Object {
              "id": "win2k8",
              "name": "Microsoft Windows Server 2008",
            },
            Object {
              "id": "win10",
              "name": "Microsoft Windows 10",
            },
          ],
        },
        "help": "Select a vCenter virtual machine to import. Loading of their list might take some time. The list will be enabled for selection once data are loaded.",
        "id": "vcenter-vm-dropdown",
        "isVisible": [Function],
        "onChange": [Function],
        "required": true,
        "title": "VM to Import",
        "type": "custom",
      },
      "workloadProfile": Object {
        "choices": Array [
          "generic",
          "high-performance",
        ],
        "defaultValue": "--- Select Workload Profile ---",
        "disabled": false,
        "help": "The category of workload that this virtual machine will be used for.",
        "id": "workload-profile-dropdown",
        "required": true,
        "title": "Workload Profile",
        "type": "dropdown",
      },
    }
  }
  fieldsValues={Object {}}
  horizontal={true}
  labelSize={3}
  onFormChange={[Function]}
  showLabels={true}
  textPosition="text-right"
/>
`;
