// Jest Snapshot v1, https://goo.gl/fbAQLP

exports[`<CreateVmWizard /> renders correctly 1`] = `
<WizardPattern
  activeStepIndex={0}
  backText="Back"
  bodyHeader={null}
  cancelButtonDisabled={false}
  cancelText="Cancel"
  closeText="Close"
  loading={false}
  loadingMessage="Loading..."
  loadingTitle="Loading Wizard..."
  nextButtonRef={[Function]}
  nextStepDisabled={true}
  nextText="Next"
  onBack={[Function]}
  onExited={[Function]}
  onHide={[Function]}
  onNext={[Function]}
  onStepChanged={[Function]}
  previousStepDisabled={false}
  show={true}
  stepButtonsDisabled={false}
  steps={
    Array [
      Object {
        "key": "basicSettings",
        "render": [Function],
        "title": "Basic Settings",
      },
      Object {
        "key": "network",
        "render": [Function],
        "title": "Networking",
      },
      Object {
        "key": "storage",
        "render": [Function],
        "title": "Storage",
      },
      Object {
        "key": "result",
        "render": [Function],
        "title": "Result",
      },
    ]
  }
  title="Create Virtual Machine"
/>
`;
