// Jest Snapshot v1, https://goo.gl/fbAQLP

exports[`<Inventory /> renders correctly 1`] = `
<div
  class="card-pf kubevirt-dashboard__card"
>
  <div
    class="card-pf-heading kubevirt-dashboard__card-heading"
  >
    <h2
      class="card-pf-title kubevirt-dashboard__card-title"
    >
      Cluster inventory
    </h2>
    <button
      class="btn btn-link"
      type="button"
    >
      <span
        aria-hidden="true"
        class="fa fa-info-circle kubevirt-dashboard__icon-sm kubevirt-dashboard__heading-icon--info"
      />
    </button>
  </div>
  <div
    class="card-pf-body"
  >
    <div
      class="kubevirt-inventory__row"
      id="inventory-nodes"
    >
      <div
        class="kubevirt-inventory__row-title"
      >
        1 Nodes
      </div>
      <div
        class="kubevirt-inventory__row-status"
      >
        <div
          class="kubevirt-inventory__row-status-item"
        >
          <span
            aria-hidden="true"
            class="fa fa-check-circle kubevirt-inventory__row-status-item-icon--ok kubevirt-dashboard__icon-sm"
          />
          <span
            class="kubevirt-inventory__row-status-item-text"
          >
            1
          </span>
        </div>
      </div>
    </div>
    <div
      class="kubevirt-inventory__row"
      id="inventory-hosts"
    >
      <div
        class="kubevirt-inventory__row-title"
      >
        Hosts
      </div>
      <div>
        <div
          class="spinner spinner-md blank-slate-pf-icon"
        />
      </div>
    </div>
    <div
      class="kubevirt-inventory__row"
      id="inventory-pvcs"
    >
      <div
        class="kubevirt-inventory__row-title"
      >
        5 PVCs
      </div>
      <div
        class="kubevirt-inventory__row-status"
      >
        <div
          class="kubevirt-inventory__row-status-item"
        >
          <span
            aria-hidden="true"
            class="fa fa-check-circle kubevirt-inventory__row-status-item-icon--ok kubevirt-dashboard__icon-sm"
          />
          <span
            class="kubevirt-inventory__row-status-item-text"
          >
            5
          </span>
        </div>
      </div>
    </div>
    <div
      class="kubevirt-inventory__row"
      id="inventory-pods"
    >
      <div
        class="kubevirt-inventory__row-title"
      >
        1 Pods
      </div>
      <div
        class="kubevirt-inventory__row-status"
      >
        <div
          class="kubevirt-inventory__row-status-item"
        >
          <span
            aria-hidden="true"
            class="fa fa-check-circle kubevirt-inventory__row-status-item-icon--ok kubevirt-dashboard__icon-sm"
          />
          <span
            class="kubevirt-inventory__row-status-item-text"
          >
            1
          </span>
        </div>
      </div>
    </div>
    <div
      class="kubevirt-inventory__row"
      id="inventory-vms"
    >
      <div
        class="kubevirt-inventory__row-title"
      >
        2 VMs
      </div>
      <div
        class="kubevirt-inventory__row-status"
      >
        <div
          class="kubevirt-inventory__row-status-item"
        >
          <span
            aria-hidden="true"
            class="pficon pficon-off kubevirt-inventory__row-status-item-icon--off"
          />
          <span
            class="kubevirt-inventory__row-status-item-text"
          >
            1
          </span>
        </div>
        <div
          class="kubevirt-inventory__row-status-item"
        >
          <span
            aria-hidden="true"
            class="fa fa-check-circle kubevirt-inventory__row-status-item-icon--ok kubevirt-dashboard__icon-sm"
          />
          <span
            class="kubevirt-inventory__row-status-item-text"
          >
            1
          </span>
        </div>
      </div>
    </div>
    <div
      class="kubevirt-inventory__row"
      id="inventory-disks"
    >
      <div
        class="kubevirt-inventory__row-title"
      >
        Disks
      </div>
      <div>
        <div
          class="spinner spinner-md blank-slate-pf-icon"
        />
      </div>
    </div>
  </div>
</div>
`;
