// Jest Snapshot v1, https://goo.gl/fbAQLP

exports[`<Details /> renders correctly 1`] = `
<DashboardCard
  className={null}
>
  <DashboardCardHeader
    className={null}
  >
    <DashboardCardTitle>
      Details
    </DashboardCardTitle>
  </DashboardCardHeader>
  <DashboardCardBody
    LoadingComponent={[Function]}
    isLoading={false}
  >
    <DetailsBody
      data={
        Object {
          "dockerVersion": "v1.12.5",
          "name": "cluster-name",
          "openshiftVersion": "v4.0",
          "osVendor": "RHEL Server",
          "provider": "Bare Metal",
        }
      }
    />
  </DashboardCardBody>
</DashboardCard>
`;
