// Jest Snapshot v1, https://goo.gl/fbAQLP

exports[`<Flavor /> renders correctly 1`] = `
<InlineEdit
  LoadingComponent={[Function]}
  editing={false}
  fieldsValues={Object {}}
  formFields={
    Object {
      "cpu": Object {
        "id": "myflavor-flavor-cpu",
        "isVisible": [Function],
        "required": true,
        "title": "CPU",
        "type": "positive-number",
      },
      "flavor": Object {
        "choices": Array [
          "Custom",
        ],
        "id": "myflavor-flavor-dropdown",
        "type": "dropdown",
      },
      "memory": Object {
        "id": "myflavor-flavor-memory",
        "isVisible": [Function],
        "required": true,
        "title": "Memory (GB)",
        "type": "positive-number",
      },
    }
  }
  onFormChange={[Function]}
  updating={false}
>
  <div
    id="myflavor-flavor"
  >
    small
  </div>
  <div
    id="myflavor-flavor-description"
  >
    2 CPU, 2G Memory
  </div>
</InlineEdit>
`;
