// Jest Snapshot v1, https://goo.gl/fbAQLP

exports[`<Events /> renders correctly 1`] = `
<div
  class="card-pf kubevirt-dashboard__card"
>
  <div
    class="card-pf-heading kubevirt-dashboard__card-heading kubevirt-events__card-header"
  >
    <h2
      class="card-pf-title kubevirt-dashboard__card-title"
    >
      Cluster Events
    </h2>
    <button
      class="btn btn-link"
      type="button"
    >
      <span
        aria-hidden="true"
        class="fa fa-info-circle kubevirt-dashboard__icon-sm"
      />
    </button>
  </div>
  <div
    class="card-pf-body kubevirt-events__card-body"
    id="events-body"
  >
    <div
      class="kubevirt-events__body"
    >
      <div>
        Requires component from tectonic
      </div>
    </div>
  </div>
</div>
`;
