// Jest Snapshot v1, https://goo.gl/fbAQLP

exports[`<CreateNicRow /> renders correctly 1`] = `
<ListFormFactory
  actions={
    <CancelAcceptButtons
      disabled={true}
      onAccept={[Function]}
      onCancel={[Function]}
    />
  }
  columnSizes={
    Object {
      "lg": 3,
      "md": 3,
      "sm": 3,
      "xs": 3,
    }
  }
  fields={
    Object {
      "mac": Object {
        "disabled": false,
        "id": "mac-address",
        "title": "MAC Address",
        "value": undefined,
      },
      "model": Object {
        "id": "nic-model",
        "type": "label",
        "value": undefined,
      },
      "name": Object {
        "disabled": undefined,
        "id": "nic-name",
        "required": true,
        "title": "NIC Name",
        "validate": [Function],
        "value": undefined,
      },
      "network": Object {
        "choices": Array [
          Object {
            "name": "Pod Networking",
            "networkType": "pod",
          },
        ],
        "defaultValue": "--- Select Network Definition ---",
        "disabled": false,
        "id": "network-type",
        "required": true,
        "type": "dropdown",
        "value": undefined,
      },
    }
  }
  fieldsValues={Object {}}
  onFormChange={[Function]}
/>
`;
