// Jest Snapshot v1, https://goo.gl/fbAQLP

exports[`<CreateNicRow /> renders correctly 1`] = `
<CreateDeviceRow
  LoadingComponent={[Function]}
  columnSizes={
    Array [
      Object {
        "lg": 3,
        "md": 3,
        "sm": 3,
        "xs": 3,
      },
      Object {
        "lg": 3,
        "md": 3,
        "sm": 3,
        "xs": 3,
      },
      Object {
        "lg": 2,
        "md": 2,
        "sm": 2,
        "xs": 2,
      },
      Object {
        "lg": 2,
        "md": 2,
        "sm": 2,
        "xs": 2,
      },
      Object {
        "lg": 2,
        "md": 2,
        "sm": 2,
        "xs": 2,
      },
    ]
  }
  device={Object {}}
  deviceFields={
    Object {
      "binding": Object {
        "choices": Array [
          "masquerade",
          "bridge",
          "sriov",
        ],
        "defaultValue": "--- Select binding ---",
        "disabled": undefined,
        "id": "binding",
        "required": true,
        "title": "Binding method",
        "type": "dropdown",
      },
      "mac": Object {
        "disabled": false,
        "id": "mac-address",
        "title": "MAC Address",
      },
      "model": Object {
        "id": "nic-model",
        "type": "label",
      },
      "name": Object {
        "disabled": undefined,
        "id": "nic-name",
        "required": true,
        "title": "Name",
        "validate": [Function],
      },
      "network": Object {
        "choices": Array [
          Object {
            "name": "Pod Networking",
            "networkType": "pod",
          },
        ],
        "defaultValue": "--- Select Network Definition ---",
        "disabled": false,
        "id": "network-type",
        "required": true,
        "title": "Network",
        "type": "dropdown",
      },
    }
  }
  onAccept={[Function]}
  onCancel={[Function]}
  onChange={[Function]}
/>
`;
