// Jest Snapshot v1, https://goo.gl/fbAQLP

exports[`<DashboardCardTitleSeeAll /> renders correctly 1`] = `
<OverlayTrigger
  defaultOverlayShown={false}
  overlay={
    <Popover
      bsClass="popover"
      id="popover"
      placement="right"
      title="fooTitle"
    >
      content
    </Popover>
  }
  placement="right"
  rootClose={true}
  trigger={
    Array [
      "click",
    ]
  }
>
  <Button
    active={false}
    block={false}
    bsClass="btn"
    bsStyle="link"
    disabled={false}
  >
    See all
  </Button>
</OverlayTrigger>
`;
