// Jest Snapshot v1, https://goo.gl/fbAQLP

exports[`<OCSHealth /> renders Error Health correctly 1`] = `
<DashboardCard
  className={null}
>
  <DashboardCardHeader
    className={null}
  >
    <DashboardCardTitle
      className={null}
    >
      Health
    </DashboardCardTitle>
  </DashboardCardHeader>
  <DashboardCardBody
    LoadingComponent={[Function]}
    isLoading={true}
  >
    <HealthBody
      className={null}
    >
      <HealthItem
        LoadingComponent={[Function]}
        details={null}
        message={null}
        state="LOADING_STATE"
      />
    </HealthBody>
  </DashboardCardBody>
</DashboardCard>
`;

exports[`<OCSHealth /> renders Health correctly 1`] = `
<DashboardCard
  className={null}
>
  <DashboardCardHeader
    className={null}
  >
    <DashboardCardTitle
      className={null}
    >
      Health
    </DashboardCardTitle>
  </DashboardCardHeader>
  <DashboardCardBody
    LoadingComponent={[Function]}
    isLoading={true}
  >
    <HealthBody
      className={null}
    >
      <HealthItem
        LoadingComponent={[Function]}
        details={null}
        message={null}
        state="LOADING_STATE"
      />
    </HealthBody>
  </DashboardCardBody>
</DashboardCard>
`;

exports[`<OCSHealth /> renders Loading Health correctly 1`] = `
<DashboardCard
  className={null}
>
  <DashboardCardHeader
    className={null}
  >
    <DashboardCardTitle
      className={null}
    >
      Health
    </DashboardCardTitle>
  </DashboardCardHeader>
  <DashboardCardBody
    LoadingComponent={[Function]}
    isLoading={true}
  >
    <HealthBody
      className={null}
    >
      <HealthItem
        LoadingComponent={[Function]}
        details={null}
        message={null}
        state="LOADING_STATE"
      />
    </HealthBody>
  </DashboardCardBody>
</DashboardCard>
`;

exports[`<OCSHealth /> renders Warning Health correctly 1`] = `
<DashboardCard
  className={null}
>
  <DashboardCardHeader
    className={null}
  >
    <DashboardCardTitle
      className={null}
    >
      Health
    </DashboardCardTitle>
  </DashboardCardHeader>
  <DashboardCardBody
    LoadingComponent={[Function]}
    isLoading={true}
  >
    <HealthBody
      className={null}
    >
      <HealthItem
        LoadingComponent={[Function]}
        details={null}
        message={null}
        state="LOADING_STATE"
      />
    </HealthBody>
  </DashboardCardBody>
</DashboardCard>
`;

exports[`<OCSHealth /> renders correctly with Provider 1`] = `
<div
  class="card-pf kubevirt-dashboard__card"
>
  <div
    class="card-pf-heading kubevirt-dashboard__card-heading"
  >
    <h2
      class="card-pf-title kubevirt-dashboard__card-title"
    >
      Health
    </h2>
  </div>
  <div
    class="card-pf-body"
  >
    <div>
      <div
        class="spinner spinner-md blank-slate-pf-icon"
      />
    </div>
  </div>
</div>
`;
