// Jest Snapshot v1, https://goo.gl/fbAQLP

exports[`<Health /> renders correctly 1`] = `
<div
  class="card-pf kubevirt-dashboard__card"
>
  <div
    class="card-pf-heading kubevirt-dashboard__card-heading"
  >
    <h2
      class="card-pf-title kubevirt-dashboard__card-title"
    >
      Health
    </h2>
  </div>
  <div
    class="card-pf-body"
  >
    <div
      class="kubevirt-health__body"
    >
      <div
        class="kubevirt-dashboard-health__icon"
      >
        <span
          aria-hidden="true"
          class="fa fa-check-circle fa-2x kubevirt-health__icon kubevirt-dashboard-health__icon--ok"
        />
        <span
          class="kubevirt-health__text"
        >
          OCS is Healthy
        </span>
      </div>
    </div>
  </div>
</div>
`;
