// Jest Snapshot v1, https://goo.gl/fbAQLP

exports[`<Health /> renders correctly 1`] = `
<div
  class="card-pf kubevirt-dashboard__card"
>
  <div
    class="card-pf-heading kubevirt-dashboard__card-heading"
  >
    <h2
      class="card-pf-title"
    >
      Health
    </h2>
  </div>
  <div
    class="card-pf-body kubevirt-ocs-health__body"
  >
    <div
      class="kubevirt-ocs-health__icon"
    >
      <span
        aria-hidden="true"
        class="fa fa-exclamation-triangle fa-2x kubevirt-ocs-health__icon--error"
      />
      <span
        class="kubevirt-ocs-health__row-status-item-text"
      >
        Cannot get OCS health
      </span>
    </div>
  </div>
</div>
`;
